// Jest Snapshot v1, https://goo.gl/fbAQLP

exports[`renders a snapshot 1`] = `
Array [
  <div
    style={
      Object {
        "left": "0px",
        "position": "absolute",
        "top": "0px",
      }
    }
  />,
  <div
    className="popup-overlay "
    onClick={[Function]}
    style={
      Object {
        "background": "rgba(0, 0, 0,0.5)",
        "bottom": "0",
        "display": "flex",
        "left": "0",
        "position": "fixed",
        "right": "0",
        "top": "0",
        "zIndex": "999",
      }
    }
  >
    <div
      className="popup-content "
      onClick={[Function]}
      style={
        Object {
          "background": "rgb(255, 255, 255)",
          "border": "1px solid rgb(187, 187, 187)",
          "margin": "auto",
          "padding": "5px",
          "position": "relative",
          "width": "50%",
        }
      }
    >
      <div
        className="table-popup"
      >
        <p>
          Amount: 
          $123.12
        </p>
        <p>
          Category: 
          Test Category
        </p>
        <p>
          Date: 
          12/12/12
        </p>
        <p>
          Notes: 
          These are notes
        </p>
        <button
          className="delete"
          onClick={[MockFunction]}
        >
          Delete Entry
        </button>
        <button
          className="update"
          onClick={[MockFunction]}
        >
          Update Entry
        </button>
        <button
          className="copy"
          onClick={[Function]}
        >
          Copy Entry
        </button>
      </div>
    </div>
  </div>,
]
`;
